15:16:18 **** Incremental Build of configuration Debug for project Timer_systick_PWM ****
make -j8 all 
arm-none-eabi-gcc "../custom_driver/Src/adc.c" -mcpu=cortex-m3 -std=gnu11 -g3 -DDEBUG -DUSE_HAL_DRIVER -DSTM32F103xB -c -I../Core/Inc -I../Drivers/STM32F1xx_HAL_Driver/Inc -I../Drivers/STM32F1xx_HAL_Driver/Inc/Legacy -I../Drivers/CMSIS/Device/ST/STM32F1xx/Include -I../Drivers/CMSIS/Include -I"C:/Users/hoatt/STM32CubeIDE/workspace_1.9.0/Timer/Timer_systick/custom_driver/Inc" -O0 -ffunction-sections -fdata-sections -Wall -fstack-usage -MMD -MP -MF"custom_driver/Src/adc.d" -MT"custom_driver/Src/adc.o" --specs=nano.specs -mfloat-abi=soft -mthumb -o "custom_driver/Src/adc.o"
../custom_driver/Src/adc.c: In function 'adc_init':
../custom_driver/Src/adc.c:28:15: warning: unused variable 'ADC_CR1' [-Wunused-variable]
   28 |     uint32_t *ADC_CR1= (uint32_t*) ( ADC1_BASE_ADDRESS + 0x04); //control reg
      |               ^~~~~~~
../custom_driver/Src/adc.c:27:15: warning: unused variable 'ADC_SR' [-Wunused-variable]
   27 |     uint32_t *ADC_SR= (uint32_t*) ( ADC1_BASE_ADDRESS + 0x00); //status reg
      |               ^~~~~~
arm-none-eabi-gcc -o "Timer_systick_PWM.elf" @"objects.list"   -mcpu=cortex-m3 -T"C:\Users\hoatt\STM32CubeIDE\workspace_1.9.0\Timer\Timer_systick\STM32F103C8TX_FLASH.ld" --specs=nosys.specs -Wl,-Map="Timer_systick_PWM.map" -Wl,--gc-sections -static --specs=nano.specs -mfloat-abi=soft -mthumb -Wl,--start-group -lc -lm -Wl,--end-group
Finished building target: Timer_systick_PWM.elf
 
arm-none-eabi-size   Timer_systick_PWM.elf 
arm-none-eabi-objdump -h -S  Timer_systick_PWM.elf  > "Timer_systick_PWM.list"
   text	   data	    bss	    dec	    hex	filename
   4264	      8	   1576	   5848	   16d8	Timer_systick_PWM.elf
Finished building: default.size.stdout
 
Finished building: Timer_systick_PWM.list
 

15:16:19 Build Finished. 0 errors, 2 warnings. (took 1s.617ms)

