00:55:05 **** Incremental Build of configuration Debug for project Timer_PWM ****
make -j8 all 
arm-none-eabi-gcc "../Core/Src/main.c" -mcpu=cortex-m3 -std=gnu11 -g3 -DDEBUG -DUSE_HAL_DRIVER -DSTM32F103xB -c -I../Core/Inc -I../Drivers/STM32F1xx_HAL_Driver/Inc -I../Drivers/STM32F1xx_HAL_Driver/Inc/Legacy -I../Drivers/CMSIS/Device/ST/STM32F1xx/Include -I../Drivers/CMSIS/Include -O0 -ffunction-sections -fdata-sections -Wall -fstack-usage -MMD -MP -MF"Core/Src/main.d" -MT"Core/Src/main.o" --specs=nano.specs -mfloat-abi=soft -mthumb -o "Core/Src/main.o"
arm-none-eabi-gcc -o "Timer_PWM.elf" @"objects.list"   -mcpu=cortex-m3 -T"C:\Users\hoatt\STM32CubeIDE\workspace_1.9.0\Timer\Timer_PWM\STM32F103C8TX_FLASH.ld" --specs=nosys.specs -Wl,-Map="Timer_PWM.map" -Wl,--gc-sections -static --specs=nano.specs -mfloat-abi=soft -mthumb -Wl,--start-group -lc -lm -Wl,--end-group
Finished building target: Timer_PWM.elf
 
arm-none-eabi-size   Timer_PWM.elf 
arm-none-eabi-objdump -h -S  Timer_PWM.elf  > "Timer_PWM.list"
   text	   data	    bss	    dec	    hex	filename
   4712	     20	   1572	   6304	   18a0	Timer_PWM.elf
Finished building: default.size.stdout
 
Finished building: Timer_PWM.list
 

00:55:07 Build Finished. 0 errors, 0 warnings. (took 2s.119ms)

