Archive member included to satisfy reference by file (symbol)

C:/Users/Admin/Documents/Tuan_2024/Downloads/ST/STM32CubeIDE_1.13.2/STM32CubeIDE/plugins/com.st.stm32cube.ide.mcu.externaltools.gnu-tools-for-stm32.11.3.rel1.win32_1.1.1.202309131626/tools/bin/../lib/gcc/arm-none-eabi/11.3.1/../../../../arm-none-eabi/lib/thumb/v7-m/nofp\libc_nano.a(libc_a-exit.o)
                              C:/Users/Admin/Documents/Tuan_2024/Downloads/ST/STM32CubeIDE_1.13.2/STM32CubeIDE/plugins/com.st.stm32cube.ide.mcu.externaltools.gnu-tools-for-stm32.11.3.rel1.win32_1.1.1.202309131626/tools/bin/../lib/gcc/arm-none-eabi/11.3.1/../../../../arm-none-eabi/lib/thumb/v7-m/nofp/crt0.o (exit)
C:/Users/Admin/Documents/Tuan_2024/Downloads/ST/STM32CubeIDE_1.13.2/STM32CubeIDE/plugins/com.st.stm32cube.ide.mcu.externaltools.gnu-tools-for-stm32.11.3.rel1.win32_1.1.1.202309131626/tools/bin/../lib/gcc/arm-none-eabi/11.3.1/../../../../arm-none-eabi/lib/thumb/v7-m/nofp\libc_nano.a(libc_a-findfp.o)
                              C:/Users/Admin/Documents/Tuan_2024/Downloads/ST/STM32CubeIDE_1.13.2/STM32CubeIDE/plugins/com.st.stm32cube.ide.mcu.externaltools.gnu-tools-for-stm32.11.3.rel1.win32_1.1.1.202309131626/tools/bin/../lib/gcc/arm-none-eabi/11.3.1/../../../../arm-none-eabi/lib/thumb/v7-m/nofp\libc_nano.a(libc_a-exit.o) (__stdio_exit_handler)
C:/Users/Admin/Documents/Tuan_2024/Downloads/ST/STM32CubeIDE_1.13.2/STM32CubeIDE/plugins/com.st.stm32cube.ide.mcu.externaltools.gnu-tools-for-stm32.11.3.rel1.win32_1.1.1.202309131626/tools/bin/../lib/gcc/arm-none-eabi/11.3.1/../../../../arm-none-eabi/lib/thumb/v7-m/nofp\libc_nano.a(libc_a-fwalk.o)
                              C:/Users/Admin/Documents/Tuan_2024/Downloads/ST/STM32CubeIDE_1.13.2/STM32CubeIDE/plugins/com.st.stm32cube.ide.mcu.externaltools.gnu-tools-for-stm32.11.3.rel1.win32_1.1.1.202309131626/tools/bin/../lib/gcc/arm-none-eabi/11.3.1/../../../../arm-none-eabi/lib/thumb/v7-m/nofp\libc_nano.a(libc_a-findfp.o) (_fwalk_sglue)
C:/Users/Admin/Documents/Tuan_2024/Downloads/ST/STM32CubeIDE_1.13.2/STM32CubeIDE/plugins/com.st.stm32cube.ide.mcu.externaltools.gnu-tools-for-stm32.11.3.rel1.win32_1.1.1.202309131626/tools/bin/../lib/gcc/arm-none-eabi/11.3.1/../../../../arm-none-eabi/lib/thumb/v7-m/nofp\libc_nano.a(libc_a-stdio.o)
                              C:/Users/Admin/Documents/Tuan_2024/Downloads/ST/STM32CubeIDE_1.13.2/STM32CubeIDE/plugins/com.st.stm32cube.ide.mcu.externaltools.gnu-tools-for-stm32.11.3.rel1.win32_1.1.1.202309131626/tools/bin/../lib/gcc/arm-none-eabi/11.3.1/../../../../arm-none-eabi/lib/thumb/v7-m/nofp\libc_nano.a(libc_a-findfp.o) (__sread)
C:/Users/Admin/Documents/Tuan_2024/Downloads/ST/STM32CubeIDE_1.13.2/STM32CubeIDE/plugins/com.st.stm32cube.ide.mcu.externaltools.gnu-tools-for-stm32.11.3.rel1.win32_1.1.1.202309131626/tools/bin/../lib/gcc/arm-none-eabi/11.3.1/../../../../arm-none-eabi/lib/thumb/v7-m/nofp\libc_nano.a(libc_a-memset.o)
                              C:/Users/Admin/Documents/Tuan_2024/Downloads/ST/STM32CubeIDE_1.13.2/STM32CubeIDE/plugins/com.st.stm32cube.ide.mcu.externaltools.gnu-tools-for-stm32.11.3.rel1.win32_1.1.1.202309131626/tools/bin/../lib/gcc/arm-none-eabi/11.3.1/../../../../arm-none-eabi/lib/thumb/v7-m/nofp/crt0.o (memset)
C:/Users/Admin/Documents/Tuan_2024/Downloads/ST/STM32CubeIDE_1.13.2/STM32CubeIDE/plugins/com.st.stm32cube.ide.mcu.externaltools.gnu-tools-for-stm32.11.3.rel1.win32_1.1.1.202309131626/tools/bin/../lib/gcc/arm-none-eabi/11.3.1/../../../../arm-none-eabi/lib/thumb/v7-m/nofp\libc_nano.a(libc_a-closer.o)
                              C:/Users/Admin/Documents/Tuan_2024/Downloads/ST/STM32CubeIDE_1.13.2/STM32CubeIDE/plugins/com.st.stm32cube.ide.mcu.externaltools.gnu-tools-for-stm32.11.3.rel1.win32_1.1.1.202309131626/tools/bin/../lib/gcc/arm-none-eabi/11.3.1/../../../../arm-none-eabi/lib/thumb/v7-m/nofp\libc_nano.a(libc_a-stdio.o) (_close_r)
C:/Users/Admin/Documents/Tuan_2024/Downloads/ST/STM32CubeIDE_1.13.2/STM32CubeIDE/plugins/com.st.stm32cube.ide.mcu.externaltools.gnu-tools-for-stm32.11.3.rel1.win32_1.1.1.202309131626/tools/bin/../lib/gcc/arm-none-eabi/11.3.1/../../../../arm-none-eabi/lib/thumb/v7-m/nofp\libc_nano.a(libc_a-reent.o)
                              C:/Users/Admin/Documents/Tuan_2024/Downloads/ST/STM32CubeIDE_1.13.2/STM32CubeIDE/plugins/com.st.stm32cube.ide.mcu.externaltools.gnu-tools-for-stm32.11.3.rel1.win32_1.1.1.202309131626/tools/bin/../lib/gcc/arm-none-eabi/11.3.1/../../../../arm-none-eabi/lib/thumb/v7-m/nofp\libc_nano.a(libc_a-closer.o) (errno)
C:/Users/Admin/Documents/Tuan_2024/Downloads/ST/STM32CubeIDE_1.13.2/STM32CubeIDE/plugins/com.st.stm32cube.ide.mcu.externaltools.gnu-tools-for-stm32.11.3.rel1.win32_1.1.1.202309131626/tools/bin/../lib/gcc/arm-none-eabi/11.3.1/../../../../arm-none-eabi/lib/thumb/v7-m/nofp\libc_nano.a(libc_a-impure.o)
[...]
Memory Configuration

Name             Origin             Length             Attributes
RAM              0x0000000020000000 0x0000000000005000 xrw
FLASH            0x0000000008000000 0x0000000000010000 xr
*default*        0x0000000000000000 0xffffffffffffffff

Linker script and memory map

LOAD C:/Users/Admin/Documents/Tuan_2024/Downloads/ST/STM32CubeIDE_1.13.2/STM32CubeIDE/plugins/com.st.stm32cube.ide.mcu.externaltools.gnu-tools-for-stm32.11.3.rel1.win32_1.1.1.202309131626/tools/bin/../lib/gcc/arm-none-eabi/11.3.1/thumb/v7-m/nofp/crti.o
LOAD C:/Users/Admin/Documents/Tuan_2024/Downloads/ST/STM32CubeIDE_1.13.2/STM32CubeIDE/plugins/com.st.stm32cube.ide.mcu.externaltools.gnu-tools-for-stm32.11.3.rel1.win32_1.1.1.202309131626/tools/bin/../lib/gcc/arm-none-eabi/11.3.1/thumb/v7-m/nofp/crtbegin.o
LOAD C:/Users/Admin/Documents/Tuan_2024/Downloads/ST/STM32CubeIDE_1.13.2/STM32CubeIDE/plugins/com.st.stm32cube.ide.mcu.externaltools.gnu-tools-for-stm32.11.3.rel1.win32_1.1.1.202309131626/tools/bin/../lib/gcc/arm-none-eabi/11.3.1/../../../../arm-none-eabi/lib/thumb/v7-m/nofp/crt0.o
LOAD ./Core/Src/main.o
LOAD ./Core/Src/stm32f1xx_hal_msp.o
LOAD ./Core/Src/stm32f1xx_it.o
LOAD ./Core/Src/syscalls.o
LOAD ./Core/Src/sysmem.o
LOAD ./Core/Src/system_stm32f1xx.o
LOAD ./Core/Startup/startup_stm32f103c8tx.o
LOAD ./Drivers/STM32F1xx_HAL_Driver/Src/stm32f1xx_hal.o
LOAD ./Drivers/STM32F1xx_HAL_Driver/Src/stm32f1xx_hal_cortex.o
LOAD ./Drivers/STM32F1xx_HAL_Driver/Src/stm32f1xx_hal_dma.o
LOAD ./Drivers/STM32F1xx_HAL_Driver/Src/stm32f1xx_hal_exti.o
LOAD ./Drivers/STM32F1xx_HAL_Driver/Src/stm32f1xx_hal_flash.o
LOAD ./Drivers/STM32F1xx_HAL_Driver/Src/stm32f1xx_hal_flash_ex.o
LOAD ./Drivers/STM32F1xx_HAL_Driver/Src/stm32f1xx_hal_gpio.o
LOAD ./Drivers/STM32F1xx_HAL_Driver/Src/stm32f1xx_hal_gpio_ex.o
LOAD ./Drivers/STM32F1xx_HAL_Driver/Src/stm32f1xx_hal_pwr.o
LOAD ./Drivers/STM32F1xx_HAL_Driver/Src/stm32f1xx_hal_rcc.o
LOAD ./Drivers/STM32F1xx_HAL_Driver/Src/stm32f1xx_hal_rcc_ex.o
LOAD ./Drivers/my_drive/Src/I2c.o
LOAD ./Drivers/my_drive/Src/RTC_DS3231.o
LOAD ./Drivers/my_drive/Src/clock.o
LOAD ./Drivers/my_drive/Src/delay.o
LOAD ./Drivers/my_drive/Src/gpio.o
START GROUP
LOAD C:/Users/Admin/Documents/Tuan_2024/Downloads/ST/STM32CubeIDE_1.13.2/STM32CubeIDE/plugins/com.st.stm32cube.ide.mcu.externaltools.gnu-tools-for-stm32.11.3.rel1.win32_1.1.1.202309131626/tools/bin/../lib/gcc/arm-none-eabi/11.3.1/../../../../arm-none-eabi/lib/thumb/v7-m/nofp\libc_nano.a
LOAD C:/Users/Admin/Documents/Tuan_2024/Downloads/ST/STM32CubeIDE_1.13.2/STM32CubeIDE/plugins/com.st.stm32cube.ide.mcu.externaltools.gnu-tools-for-stm32.11.3.rel1.win32_1.1.1.202309131626/tools/bin/../lib/gcc/arm-none-eabi/11.3.1/../../../../arm-none-eabi/lib/thumb/v7-m/nofp\libm.a
END GROUP
START GROUP
LOAD C:/Users/Admin/Documents/Tuan_2024/Downloads/ST/STM32CubeIDE_1.13.2/STM32CubeIDE/plugins/com.st.stm32cube.ide.mcu.externaltools.gnu-tools-for-stm32.11.3.rel1.win32_1.1.1.202309131626/tools/bin/../lib/gcc/arm-none-eabi/11.3.1/thumb/v7-m/nofp\libgcc.a
LOAD C:/Users/Admin/Documents/Tuan_2024/Downloads/ST/STM32CubeIDE_1.13.2/STM32CubeIDE/plugins/com.st.stm32cube.ide.mcu.externaltools.gnu-tools-for-stm32.11.3.rel1.win32_1.1.1.202309131626/tools/bin/../lib/gcc/arm-none-eabi/11.3.1/../../../../arm-none-eabi/lib/thumb/v7-m/nofp\libc_nano.a
END GROUP
START GROUP
LOAD C:/Users/Admin/Documents/Tuan_2024/Downloads/ST/STM32CubeIDE_1.13.2/STM32CubeIDE/plugins/com.st.stm32cube.ide.mcu.externaltools.gnu-tools-for-stm32.11.3.rel1.win32_1.1.1.202309131626/tools/bin/../lib/gcc/arm-none-eabi/11.3.1/thumb/v7-m/nofp\libgcc.a
LOAD C:/Users/Admin/Documents/Tuan_2024/Downloads/ST/STM32CubeIDE_1.13.2/STM32CubeIDE/plugins/com.st.stm32cube.ide.mcu.externaltools.gnu-tools-for-stm32.11.3.rel1.win32_1.1.1.202309131626/tools/bin/../lib/gcc/arm-none-eabi/11.3.1/../../../../arm-none-eabi/lib/thumb/v7-m/nofp\libc_nano.a
LOAD C:/Users/Admin/Documents/Tuan_2024/Downloads/ST/STM32CubeIDE_1.13.2/STM32CubeIDE/plugins/com.st.stm32cube.ide.mcu.externaltools.gnu-tools-for-stm32.11.3.rel1.win32_1.1.1.202309131626/tools/bin/../lib/gcc/arm-none-eabi/11.3.1/../../../../arm-none-eabi/lib/thumb/v7-m/nofp\libnosys.a
END GROUP
START GROUP
LOAD C:/Users/Admin/Documents/Tuan_2024/Downloads/ST/STM32CubeIDE_1.13.2/STM32CubeIDE/plugins/com.st.stm32cube.ide.mcu.externaltools.gnu-tools-for-stm32.11.3.rel1.win32_1.1.1.202309131626/tools/bin/../lib/gcc/arm-none-eabi/11.3.1/thumb/v7-m/nofp\libgcc.a
LOAD C:/Users/Admin/Documents/Tuan_2024/Downloads/ST/STM32CubeIDE_1.13.2/STM32CubeIDE/plugins/com.st.stm32cube.ide.mcu.externaltools.gnu-tools-for-stm32.11.3.rel1.win32_1.1.1.202309131626/tools/bin/../lib/gcc/arm-none-eabi/11.3.1/../../../../arm-none-eabi/lib/thumb/v7-m/nofp\libc_nano.a
LOAD C:/Users/Admin/Documents/Tuan_2024/Downloads/ST/STM32CubeIDE_1.13.2/STM32CubeIDE/plugins/com.st.stm32cube.ide.mcu.externaltools.gnu-tools-for-stm32.11.3.rel1.win32_1.1.1.202309131626/tools/bin/../lib/gcc/arm-none-eabi/11.3.1/../../../../arm-none-eabi/lib/thumb/v7-m/nofp\libnosys.a
END GROUP
LOAD C:/Users/Admin/Documents/Tuan_2024/Downloads/ST/STM32CubeIDE_1.13.2/STM32CubeIDE/plugins/com.st.stm32cube.ide.mcu.externaltools.gnu-tools-for-stm32.11.3.rel1.win32_1.1.1.202309131626/tools/bin/../lib/gcc/arm-none-eabi/11.3.1/thumb/v7-m/nofp/crtend.o
LOAD C:/Users/Admin/Documents/Tuan_2024/Downloads/ST/STM32CubeIDE_1.13.2/STM32CubeIDE/plugins/com.st.stm32cube.ide.mcu.externaltools.gnu-tools-for-stm32.11.3.rel1.win32_1.1.1.202309131626/tools/bin/../lib/gcc/arm-none-eabi/11.3.1/thumb/v7-m/nofp/crtn.o
                0x0000000020005000                _estack = (ORIGIN (RAM) + LENGTH (RAM))
                0x0000000000000200                _Min_Heap_Size = 0x200
                0x0000000000000400                _Min_Stack_Size = 0x400

.isr_vector     0x0000000008000000      0x10c
                0x0000000008000000                . = ALIGN (0x4)
 *(.isr_vector)
 .isr_vector    0x0000000008000000      0x10c ./Core/Startup/startup_stm32f103c8tx.o
                0x0000000008000000                g_pfnVectors
                0x000000000800010c                . = ALIGN (0x4)

.text           0x000000000800010c      0x708
                0x000000000800010c                . = ALIGN (0x4)
 *(.text)
 .text          0x000000000800010c       0x40 C:/Users/Admin/Documents/Tuan_2024/Downloads/ST/STM32CubeIDE_1.13.2/STM32CubeIDE/plugins/com.st.stm32cube.ide.mcu.externaltools.gnu-tools-for-stm32.11.3.rel1.win32_1.1.1.202309131626/tools/bin/../lib/gcc/arm-none-eabi/11.3.1/thumb/v7-m/nofp/crtbegin.o
 *(.text*)
 .text.main     0x000000000800014c       0x34 ./Core/Src/main.o
                0x000000000800014c                main
 .text.NMI_Handler
                0x0000000008000180        0x6 ./Core/Src/stm32f1xx_it.o
                0x0000000008000180                NMI_Handler
 .text.HardFault_Handler
                0x0000000008000186        0x6 ./Core/Src/stm32f1xx_it.o
                0x0000000008000186                HardFault_Handler
 .text.MemManage_Handler
                0x000000000800018c        0x6 ./Core/Src/stm32f1xx_it.o
                0x000000000800018c                MemManage_Handler
 .text.BusFault_Handler
                0x0000000008000192        0x6 ./Core/Src/stm32f1xx_it.o
                0x0000000008000192                BusFault_Handler
 .text.UsageFault_Handler
                0x0000000008000198        0x6 ./Core/Src/stm32f1xx_it.o
                0x0000000008000198                UsageFault_Handler
 .text.SVC_Handler
                0x000000000800019e        0xc ./Core/Src/stm32f1xx_it.o
                0x000000000800019e                SVC_Handler
 .text.DebugMon_Handler
                0x00000000080001aa        0xc ./Core/Src/stm32f1xx_it.o
                0x00000000080001aa                DebugMon_Handler
 .text.PendSV_Handler
                0x00000000080001b6        0xc ./Core/Src/stm32f1xx_it.o
                0x00000000080001b6                PendSV_Handler
 .text.SysTick_Handler
                0x00000000080001c2        0xc ./Core/Src/stm32f1xx_it.o
                0x00000000080001c2                SysTick_Handler
 .text.SystemInit
                0x00000000080001ce        0xc ./Core/Src/system_stm32f1xx.o
                0x00000000080001ce                SystemInit
 *fill*         0x00000000080001da        0x2 
 .text.Reset_Handler
                0x00000000080001dc       0x48 ./Core/Startup/startup_stm32f103c8tx.o
                0x00000000080001dc                Reset_Handler
 .text.Default_Handler
                0x0000000008000224        0x2 ./Core/Startup/startup_stm32f103c8tx.o
                0x0000000008000224                RTC_Alarm_IRQHandler
                0x0000000008000224                EXTI2_IRQHandler
                0x0000000008000224                TIM1_CC_IRQHandler
                0x0000000008000224                PVD_IRQHandler
                0x0000000008000224                EXTI3_IRQHandler
                0x0000000008000224                EXTI0_IRQHandler
                0x0000000008000224                I2C2_EV_IRQHandler
                0x0000000008000224                ADC1_2_IRQHandler
                0x0000000008000224                SPI1_IRQHandler
                0x0000000008000224                TAMPER_IRQHandler
                0x0000000008000224                DMA1_Channel4_IRQHandler
                0x0000000008000224                USART3_IRQHandler
                0x0000000008000224                RTC_IRQHandler
                0x0000000008000224                DMA1_Channel7_IRQHandler
                0x0000000008000224                CAN1_RX1_IRQHandler
                0x0000000008000224                TIM4_IRQHandler
                0x0000000008000224                I2C1_EV_IRQHandler
                0x0000000008000224                DMA1_Channel6_IRQHandler
                0x0000000008000224                TIM3_IRQHandler
                0x0000000008000224                RCC_IRQHandler
                0x0000000008000224                TIM1_TRG_COM_IRQHandler
                0x0000000008000224                DMA1_Channel1_IRQHandler
                0x0000000008000224                Default_Handler
                0x0000000008000224                EXTI15_10_IRQHandler
                0x0000000008000224                EXTI9_5_IRQHandler
                0x0000000008000224                SPI2_IRQHandler
                0x0000000008000224                DMA1_Channel5_IRQHandler
                0x0000000008000224                EXTI4_IRQHandler
                0x0000000008000224                USB_LP_CAN1_RX0_IRQHandler
                0x0000000008000224                USB_HP_CAN1_TX_IRQHandler
                0x0000000008000224                DMA1_Channel3_IRQHandler
                0x0000000008000224                WWDG_IRQHandler
                0x0000000008000224                TIM2_IRQHandler
                0x0000000008000224                TIM1_BRK_IRQHandler
                0x0000000008000224                EXTI1_IRQHandler
                0x0000000008000224                USART2_IRQHandler
                0x0000000008000224                I2C2_ER_IRQHandler
                0x0000000008000224                DMA1_Channel2_IRQHandler
                0x0000000008000224                CAN1_SCE_IRQHandler
                0x0000000008000224                FLASH_IRQHandler
                0x0000000008000224                USART1_IRQHandler
                0x0000000008000224                I2C1_ER_IRQHandler
                0x0000000008000224                USBWakeUp_IRQHandler
 *fill*         0x0000000008000226        0x2 
 .text.HAL_IncTick
                0x0000000008000228       0x24 ./Drivers/STM32F1xx_HAL_Driver/Src/stm32f1xx_hal.o
                0x0000000008000228                HAL_IncTick
 .text.I2C_Master_Init
                0x000000000800024c       0xa0 ./Drivers/my_drive/Src/I2c.o
                0x000000000800024c                I2C_Master_Init
 .text.I2C_start
                0x00000000080002ec       0x2e ./Drivers/my_drive/Src/I2c.o
                0x00000000080002ec                I2C_start
 .text.I2C_Address
                0x000000000800031a       0x3e ./Drivers/my_drive/Src/I2c.o
                0x000000000800031a                I2C_Address
 .text.I2C_Write
                0x0000000008000358       0x52 ./Drivers/my_drive/Src/I2c.o
                0x0000000008000358                I2C_Write
 .text.I2C_Stop
                0x00000000080003aa       0x1e ./Drivers/my_drive/Src/I2c.o
                0x00000000080003aa                I2C_Stop
 .text.MPU_Write
                0x00000000080003c8       0x38 ./Drivers/my_drive/Src/I2c.o
                0x00000000080003c8                MPU_Write
 .text.clock_init
                0x0000000008000400       0xc8 ./Drivers/my_drive/Src/clock.o
                0x0000000008000400                clock_init
 .text.clock_enable_APB1
                0x00000000080004c8       0x30 ./Drivers/my_drive/Src/clock.o
                0x00000000080004c8                clock_enable_APB1
 .text.clock_enable_APB2
                0x00000000080004f8       0x30 ./Drivers/my_drive/Src/clock.o
                0x00000000080004f8                clock_enable_APB2
 .text.Timer_init
                0x0000000008000528       0x5a ./Drivers/my_drive/Src/delay.o
                0x0000000008000528                Timer_init
 *fill*         0x0000000008000582        0x2 
 .text.TIM1_UP_IRQHandler
                0x0000000008000584       0x34 ./Drivers/my_drive/Src/delay.o
                0x0000000008000584                TIM1_UP_IRQHandler
 .text.my_delay_ms
                0x00000000080005b8       0x42 ./Drivers/my_drive/Src/delay.o
                0x00000000080005b8                my_delay_ms
 *fill*         0x00000000080005fa        0x2 
 .text.Cus_Config_GPIO
                0x00000000080005fc      0x1b8 ./Drivers/my_drive/Src/gpio.o
                0x00000000080005fc                Cus_Config_GPIO
 .text.__libc_init_array
                0x00000000080007b4       0x48 C:/Users/Admin/Documents/Tuan_2024/Downloads/ST/STM32CubeIDE_1.13.2/STM32CubeIDE/plugins/com.st.stm32cube.ide.mcu.externaltools.gnu-tools-for-stm32.11.3.rel1.win32_1.1.1.202309131626/tools/bin/../lib/gcc/arm-none-eabi/11.3.1/../../../../arm-none-eabi/lib/thumb/v7-m/nofp\libc_nano.a(libc_a-init.o)
                0x00000000080007b4                __libc_init_array
 *(.glue_7)
 .glue_7        0x00000000080007fc        0x0 linker stubs
 *(.glue_7t)
 .glue_7t       0x00000000080007fc        0x0 linker stubs
 *(.eh_frame)
 .eh_frame      0x00000000080007fc        0x0 C:/Users/Admin/Documents/Tuan_2024/Downloads/ST/STM32CubeIDE_1.13.2/STM32CubeIDE/plugins/com.st.stm32cube.ide.mcu.externaltools.gnu-tools-for-stm32.11.3.rel1.win32_1.1.1.202309131626/tools/bin/../lib/gcc/arm-none-eabi/11.3.1/thumb/v7-m/nofp/crtbegin.o
 *(.init)
 .init          0x00000000080007fc        0x4 C:/Users/Admin/Documents/Tuan_2024/Downloads/ST/STM32CubeIDE_1.13.2/STM32CubeIDE/plugins/com.st.stm32cube.ide.mcu.externaltools.gnu-tools-for-stm32.11.3.rel1.win32_1.1.1.202309131626/tools/bin/../lib/gcc/arm-none-eabi/11.3.1/thumb/v7-m/nofp/crti.o
                0x00000000080007fc                _init
 .init          0x0000000008000800        0x8 C:/Users/Admin/Documents/Tuan_2024/Downloads/ST/STM32CubeIDE_1.13.2/STM32CubeIDE/plugins/com.st.stm32cube.ide.mcu.externaltools.gnu-tools-for-stm32.11.3.rel1.win32_1.1.1.202309131626/tools/bin/../lib/gcc/arm-none-eabi/11.3.1/thumb/v7-m/nofp/crtn.o
 *(.fini)
 .fini          0x0000000008000808        0x4 C:/Users/Admin/Documents/Tuan_2024/Downloads/ST/STM32CubeIDE_1.13.2/STM32CubeIDE/plugins/com.st.stm32cube.ide.mcu.externaltools.gnu-tools-for-stm32.11.3.rel1.win32_1.1.1.202309131626/tools/bin/../lib/gcc/arm-none-eabi/11.3.1/thumb/v7-m/nofp/crti.o
                0x0000000008000808                _fini
 .fini          0x000000000800080c        0x8 C:/Users/Admin/Documents/Tuan_2024/Downloads/ST/STM32CubeIDE_1.13.2/STM32CubeIDE/plugins/com.st.stm32cube.ide.mcu.externaltools.gnu-tools-for-stm32.11.3.rel1.win32_1.1.1.202309131626/tools/bin/../lib/gcc/arm-none-eabi/11.3.1/thumb/v7-m/nofp/crtn.o
                0x0000000008000814                . = ALIGN (0x4)
                0x0000000008000814                _etext = .

.vfp11_veneer   0x0000000008000814        0x0
 .vfp11_veneer  0x0000000008000814        0x0 linker stubs

.v4_bx          0x0000000008000814        0x0
 .v4_bx         0x0000000008000814        0x0 linker stubs

.iplt           0x0000000008000814        0x0
 .iplt          0x0000000008000814        0x0 C:/Users/Admin/Documents/Tuan_2024/Downloads/ST/STM32CubeIDE_1.13.2/STM32CubeIDE/plugins/com.st.stm32cube.ide.mcu.externaltools.gnu-tools-for-stm32.11.3.rel1.win32_1.1.1.202309131626/tools/bin/../lib/gcc/arm-none-eabi/11.3.1/thumb/v7-m/nofp/crtbegin.o

.rel.dyn        0x0000000008000814        0x0
 .rel.iplt      0x0000000008000814        0x0 C:/Users/Admin/Documents/Tuan_2024/Downloads/ST/STM32CubeIDE_1.13.2/STM32CubeIDE/plugins/com.st.stm32cube.ide.mcu.externaltools.gnu-tools-for-stm32.11.3.rel1.win32_1.1.1.202309131626/tools/bin/../lib/gcc/arm-none-eabi/11.3.1/thumb/v7-m/nofp/crtbegin.o

.rodata         0x0000000008000814        0x0
                0x0000000008000814                . = ALIGN (0x4)
 *(.rodata)
 *(.rodata*)
                0x0000000008000814                . = ALIGN (0x4)

.ARM.extab      0x0000000008000814        0x0
                0x0000000008000814                . = ALIGN (0x4)
 *(.ARM.extab* .gnu.linkonce.armextab.*)
                0x0000000008000814                . = ALIGN (0x4)

.ARM            0x0000000008000814        0x0
                0x0000000008000814                . = ALIGN (0x4)
                0x0000000008000814                __exidx_start = .
 *(.ARM.exidx*)
                0x0000000008000814                __exidx_end = .
                0x0000000008000814                . = ALIGN (0x4)

.preinit_array  0x0000000008000814        0x0
                0x0000000008000814                . = ALIGN (0x4)
                0x0000000008000814                PROVIDE (__preinit_array_start = .)
 *(.preinit_array*)
                0x0000000008000814                PROVIDE (__preinit_array_end = .)
                0x0000000008000814                . = ALIGN (0x4)

.init_array     0x0000000008000814        0x4
                0x0000000008000814                . = ALIGN (0x4)
                0x0000000008000814                PROVIDE (__init_array_start = .)
 *(SORT_BY_NAME(.init_array.*))
 *(.init_array*)
 .init_array    0x0000000008000814        0x4 C:/Users/Admin/Documents/Tuan_2024/Downloads/ST/STM32CubeIDE_1.13.2/STM32CubeIDE/plugins/com.st.stm32cube.ide.mcu.externaltools.gnu-tools-for-stm32.11.3.rel1.win32_1.1.1.202309131626/tools/bin/../lib/gcc/arm-none-eabi/11.3.1/thumb/v7-m/nofp/crtbegin.o
                0x0000000008000818                PROVIDE (__init_array_end = .)
                0x0000000008000818                . = ALIGN (0x4)

.fini_array     0x0000000008000818        0x4
                0x0000000008000818                . = ALIGN (0x4)
                [!provide]                        PROVIDE (__fini_array_start = .)
 *(SORT_BY_NAME(.fini_array.*))
 *(.fini_array*)
 .fini_array    0x0000000008000818        0x4 C:/Users/Admin/Documents/Tuan_2024/Downloads/ST/STM32CubeIDE_1.13.2/STM32CubeIDE/plugins/com.st.stm32cube.ide.mcu.externaltools.gnu-tools-for-stm32.11.3.rel1.win32_1.1.1.202309131626/tools/bin/../lib/gcc/arm-none-eabi/11.3.1/thumb/v7-m/nofp/crtbegin.o
                [!provide]                        PROVIDE (__fini_array_end = .)
                0x000000000800081c                . = ALIGN (0x4)
                0x000000000800081c                _sidata = LOADADDR (.data)

.data           0x0000000020000000        0x4 load address 0x000000000800081c
                0x0000000020000000                . = ALIGN (0x4)
                0x0000000020000000                _sdata = .
 *(.data)
 *(.data*)
 .data.uwTickFreq
                0x0000000020000000        0x1 ./Drivers/STM32F1xx_HAL_Driver/Src/stm32f1xx_hal.o
                0x0000000020000000                uwTickFreq
 *(.RamFunc)
 *(.RamFunc*)
                0x0000000020000004                . = ALIGN (0x4)
 *fill*         0x0000000020000001        0x3 
                0x0000000020000004                _edata = .

.igot.plt       0x0000000020000004        0x0 load address 0x0000000008000820
 .igot.plt      0x0000000020000004        0x0 C:/Users/Admin/Documents/Tuan_2024/Downloads/ST/STM32CubeIDE_1.13.2/STM32CubeIDE/plugins/com.st.stm32cube.ide.mcu.externaltools.gnu-tools-for-stm32.11.3.rel1.win32_1.1.1.202309131626/tools/bin/../lib/gcc/arm-none-eabi/11.3.1/thumb/v7-m/nofp/crtbegin.o
                0x0000000020000004                . = ALIGN (0x4)

.bss            0x0000000020000004       0x24 load address 0x0000000008000820
                0x0000000020000004                _sbss = .
                0x0000000020000004                __bss_start__ = _sbss
 *(.bss)
 .bss           0x0000000020000004       0x1c C:/Users/Admin/Documents/Tuan_2024/Downloads/ST/STM32CubeIDE_1.13.2/STM32CubeIDE/plugins/com.st.stm32cube.ide.mcu.externaltools.gnu-tools-for-stm32.11.3.rel1.win32_1.1.1.202309131626/tools/bin/../lib/gcc/arm-none-eabi/11.3.1/thumb/v7-m/nofp/crtbegin.o
 *(.bss*)
 .bss.uwTick    0x0000000020000020        0x4 ./Drivers/STM32F1xx_HAL_Driver/Src/stm32f1xx_hal.o
                0x0000000020000020                uwTick
 .bss.G_count_timer
                0x0000000020000024        0x4 ./Drivers/my_drive/Src/delay.o
                0x0000000020000024                G_count_timer
 *(COMMON)
                0x0000000020000028                . = ALIGN (0x4)
                0x0000000020000028                _ebss = .
                0x0000000020000028                __bss_end__ = _ebss

._user_heap_stack
                0x0000000020000028      0x600 load address 0x0000000008000820
                0x0000000020000028                . = ALIGN (0x8)
                [!provide]                        PROVIDE (end = .)
                0x0000000020000028                PROVIDE (_end = .)
                0x0000000020000228                . = (. + _Min_Heap_Size)
 *fill*         0x0000000020000028      0x200 
                0x0000000020000628                . = (. + _Min_Stack_Size)
 *fill*         0x0000000020000228      0x400 
                0x0000000020000628                . = ALIGN (0x8)

/DISCARD/
 libc.a(*)
 libm.a(*)
 libgcc.a(*)

.ARM.attributes
                0x0000000000000000       0x29
 *(.ARM.attributes)
 .ARM.attributes
                0x0000000000000000       0x1d C:/Users/Admin/Documents/Tuan_2024/Downloads/ST/STM32CubeIDE_1.13.2/STM32CubeIDE/plugins/com.st.stm32cube.ide.mcu.externaltools.gnu-tools-for-stm32.11.3.rel1.win32_1.1.1.202309131626/tools/bin/../lib/gcc/arm-none-eabi/11.3.1/thumb/v7-m/nofp/crti.o
 .ARM.attributes
                0x000000000000001d       0x2d C:/Users/Admin/Documents/Tuan_2024/Downloads/ST/STM32CubeIDE_1.13.2/STM32CubeIDE/plugins/com.st.stm32cube.ide.mcu.externaltools.gnu-tools-for-stm32.11.3.rel1.win32_1.1.1.202309131626/tools/bin/../lib/gcc/arm-none-eabi/11.3.1/thumb/v7-m/nofp/crtbegin.o
 .ARM.attributes
                0x000000000000004a       0x2d ./Core/Src/main.o
 .ARM.attributes
                0x0000000000000077       0x2d ./Core/Src/stm32f1xx_it.o
 .ARM.attributes
                0x00000000000000a4       0x2d ./Core/Src/system_stm32f1xx.o
 .ARM.attributes
                0x00000000000000d1       0x21 ./Core/Startup/startup_stm32f103c8tx.o
 .ARM.attributes
                0x00000000000000f2       0x2d ./Drivers/STM32F1xx_HAL_Driver/Src/stm32f1xx_hal.o
 .ARM.attributes
                0x000000000000011f       0x2d ./Drivers/my_drive/Src/I2c.o
 .ARM.attributes
                0x000000000000014c       0x2d ./Drivers/my_drive/Src/clock.o
 .ARM.attributes
                0x0000000000000179       0x2d ./Drivers/my_drive/Src/delay.o
 .ARM.attributes
                0x00000000000001a6       0x2d ./Drivers/my_drive/Src/gpio.o
 .ARM.attributes
                0x00000000000001d3       0x2d C:/Users/Admin/Documents/Tuan_2024/Downloads/ST/STM32CubeIDE_1.13.2/STM32CubeIDE/plugins/com.st.stm32cube.ide.mcu.externaltools.gnu-tools-for-stm32.11.3.rel1.win32_1.1.1.202309131626/tools/bin/../lib/gcc/arm-none-eabi/11.3.1/../../../../arm-none-eabi/lib/thumb/v7-m/nofp\libc_nano.a(libc_a-init.o)
 .ARM.attributes
                0x0000000000000200       0x1d C:/Users/Admin/Documents/Tuan_2024/Downloads/ST/STM32CubeIDE_1.13.2/STM32CubeIDE/plugins/com.st.stm32cube.ide.mcu.externaltools.gnu-tools-for-stm32.11.3.rel1.win32_1.1.1.202309131626/tools/bin/../lib/gcc/arm-none-eabi/11.3.1/thumb/v7-m/nofp/crtn.o
OUTPUT(I2C_register_master.elf elf32-littlearm)
LOAD linker stubs
LOAD C:/Users/Admin/Documents/Tuan_2024/Downloads/ST/STM32CubeIDE_1.13.2/STM32CubeIDE/plugins/com.st.stm32cube.ide.mcu.externaltools.gnu-tools-for-stm32.11.3.rel1.win32_1.1.1.202309131626/tools/bin/../lib/gcc/arm-none-eabi/11.3.1/../../../../arm-none-eabi/lib/thumb/v7-m/nofp\libc.a
LOAD C:/Users/Admin/Documents/Tuan_2024/Downloads/ST/STM32CubeIDE_1.13.2/STM32CubeIDE/plugins/com.st.stm32cube.ide.mcu.externaltools.gnu-tools-for-stm32.11.3.rel1.win32_1.1.1.202309131626/tools/bin/../lib/gcc/arm-none-eabi/11.3.1/../../../../arm-none-eabi/lib/thumb/v7-m/nofp\libm.a
LOAD C:/Users/Admin/Documents/Tuan_2024/Downloads/ST/STM32CubeIDE_1.13.2/STM32CubeIDE/plugins/com.st.stm32cube.ide.mcu.externaltools.gnu-tools-for-stm32.11.3.rel1.win32_1.1.1.202309131626/tools/bin/../lib/gcc/arm-none-eabi/11.3.1/thumb/v7-m/nofp\libgcc.a

.comment        0x0000000000000000       0x43
 .comment       0x0000000000000000       0x43 C:/Users/Admin/Documents/Tuan_2024/Downloads/ST/STM32CubeIDE_1.13.2/STM32CubeIDE/plugins/com.st.stm32cube.ide.mcu.externaltools.gnu-tools-for-stm32.11.3.rel1.win32_1.1.1.202309131626/tools/bin/../lib/gcc/arm-none-eabi/11.3.1/thumb/v7-m/nofp/crtbegin.o
                                         0x44 (size before relaxing)
 .comment       0x0000000000000043       0x44 ./Core/Src/main.o
 .comment       0x0000000000000043       0x44 ./Core/Src/stm32f1xx_it.o
 .comment       0x0000000000000043       0x44 ./Core/Src/system_stm32f1xx.o
 .comment       0x0000000000000043       0x44 ./Drivers/STM32F1xx_HAL_Driver/Src/stm32f1xx_hal.o
 .comment       0x0000000000000043       0x44 ./Drivers/my_drive/Src/I2c.o
 .comment       0x0000000000000043       0x44 ./Drivers/my_drive/Src/clock.o
 .comment       0x0000000000000043       0x44 ./Drivers/my_drive/Src/delay.o
 .comment       0x0000000000000043       0x44 ./Drivers/my_drive/Src/gpio.o

.debug_info     0x0000000000000000     0x1dac
 .debug_info    0x0000000000000000      0x2b1 ./Core/Src/main.o
 .debug_info    0x00000000000002b1      0x113 ./Core/Src/stm32f1xx_it.o
 .debug_info    0x00000000000003c4      0x222 ./Core/Src/system_stm32f1xx.o
 .debug_info    0x00000000000005e6       0x23 ./Core/Startup/startup_stm32f103c8tx.o
 .debug_info    0x0000000000000609      0x704 ./Drivers/STM32F1xx_HAL_Driver/Src/stm32f1xx_hal.o
 .debug_info    0x0000000000000d0d      0x6e6 ./Drivers/my_drive/Src/I2c.o
 .debug_info    0x00000000000013f3      0x288 ./Drivers/my_drive/Src/clock.o
 .debug_info    0x000000000000167b      0x3b2 ./Drivers/my_drive/Src/delay.o
 .debug_info    0x0000000000001a2d      0x37f ./Drivers/my_drive/Src/gpio.o

.debug_abbrev   0x0000000000000000      0x98b
 .debug_abbrev  0x0000000000000000       0xed ./Core/Src/main.o
 .debug_abbrev  0x00000000000000ed       0x73 ./Core/Src/stm32f1xx_it.o
 .debug_abbrev  0x0000000000000160      0x13f ./Core/Src/system_stm32f1xx.o
 .debug_abbrev  0x000000000000029f       0x12 ./Core/Startup/startup_stm32f103c8tx.o
 .debug_abbrev  0x00000000000002b1      0x201 ./Drivers/STM32F1xx_HAL_Driver/Src/stm32f1xx_hal.o
 .debug_abbrev  0x00000000000004b2      0x165 ./Drivers/my_drive/Src/I2c.o
 .debug_abbrev  0x0000000000000617       0xbc ./Drivers/my_drive/Src/clock.o
 .debug_abbrev  0x00000000000006d3      0x17b ./Drivers/my_drive/Src/delay.o
 .debug_abbrev  0x000000000000084e      0x13d ./Drivers/my_drive/Src/gpio.o

.debug_aranges  0x0000000000000000      0x2c8
 .debug_aranges
                0x0000000000000000       0x20 ./Core/Src/main.o
 .debug_aranges
                0x0000000000000020       0x60 ./Core/Src/stm32f1xx_it.o
 .debug_aranges
                0x0000000000000080       0x28 ./Core/Src/system_stm32f1xx.o
 .debug_aranges
                0x00000000000000a8       0x28 ./Core/Startup/startup_stm32f103c8tx.o
 .debug_aranges
                0x00000000000000d0       0xe0 ./Drivers/STM32F1xx_HAL_Driver/Src/stm32f1xx_hal.o
 .debug_aranges
                0x00000000000001b0       0x68 ./Drivers/my_drive/Src/I2c.o
 .debug_aranges
                0x0000000000000218       0x38 ./Drivers/my_drive/Src/clock.o
 .debug_aranges
                0x0000000000000250       0x40 ./Drivers/my_drive/Src/delay.o
 .debug_aranges
                0x0000000000000290       0x38 ./Drivers/my_drive/Src/gpio.o

.debug_rnglists
                0x0000000000000000      0x1f0
 .debug_rnglists
                0x0000000000000000       0x13 ./Core/Src/main.o
 .debug_rnglists
                0x0000000000000013       0x43 ./Core/Src/stm32f1xx_it.o
 .debug_rnglists
                0x0000000000000056       0x1a ./Core/Src/system_stm32f1xx.o
 .debug_rnglists
                0x0000000000000070       0x19 ./Core/Startup/startup_stm32f103c8tx.o
 .debug_rnglists
                0x0000000000000089       0xa3 ./Drivers/STM32F1xx_HAL_Driver/Src/stm32f1xx_hal.o
 .debug_rnglists
                0x000000000000012c       0x4d ./Drivers/my_drive/Src/I2c.o
 .debug_rnglists
                0x0000000000000179       0x26 ./Drivers/my_drive/Src/clock.o
 .debug_rnglists
                0x000000000000019f       0x2b ./Drivers/my_drive/Src/delay.o
 .debug_rnglists
                0x00000000000001ca       0x26 ./Drivers/my_drive/Src/gpio.o

.debug_macro    0x0000000000000000     0x1749
 .debug_macro   0x0000000000000000       0x82 ./Core/Src/main.o
 .debug_macro   0x0000000000000082      0xa9c ./Core/Src/main.o
 .debug_macro   0x0000000000000b1e       0x22 ./Core/Src/main.o
 .debug_macro   0x0000000000000b40       0x8e ./Core/Src/main.o
 .debug_macro   0x0000000000000bce       0x51 ./Core/Src/main.o
 .debug_macro   0x0000000000000c1f      0x103 ./Core/Src/main.o
 .debug_macro   0x0000000000000d22       0x6a ./Core/Src/main.o
 .debug_macro   0x0000000000000d8c      0x1df ./Core/Src/main.o
 .debug_macro   0x0000000000000f6b       0x22 ./Core/Src/main.o
 .debug_macro   0x0000000000000f8d       0x3a ./Core/Src/main.o
 .debug_macro   0x0000000000000fc7       0x10 ./Core/Src/main.o
 .debug_macro   0x0000000000000fd7      0x198 ./Core/Src/stm32f1xx_it.o
 .debug_macro   0x000000000000116f      0x184 ./Core/Src/system_stm32f1xx.o
 .debug_macro   0x00000000000012f3      0x1a8 ./Drivers/STM32F1xx_HAL_Driver/Src/stm32f1xx_hal.o
 .debug_macro   0x000000000000149b       0x7f ./Drivers/my_drive/Src/I2c.o
 .debug_macro   0x000000000000151a       0x1c ./Drivers/my_drive/Src/I2c.o
 .debug_macro   0x0000000000001536       0x40 ./Drivers/my_drive/Src/I2c.o
 .debug_macro   0x0000000000001576       0x67 ./Drivers/my_drive/Src/clock.o
 .debug_macro   0x00000000000015dd       0x88 ./Drivers/my_drive/Src/delay.o
 .debug_macro   0x0000000000001665       0x34 ./Drivers/my_drive/Src/delay.o
 .debug_macro   0x0000000000001699       0x76 ./Drivers/my_drive/Src/gpio.o
 .debug_macro   0x000000000000170f       0x3a ./Drivers/my_drive/Src/gpio.o

.debug_line     0x0000000000000000     0x3451
 .debug_line    0x0000000000000000      0x48e ./Core/Src/main.o
 .debug_line    0x000000000000048e      0x78e ./Core/Src/stm32f1xx_it.o
 .debug_line    0x0000000000000c1c      0x74a ./Core/Src/system_stm32f1xx.o
 .debug_line    0x0000000000001366       0x78 ./Core/Startup/startup_stm32f103c8tx.o
 .debug_line    0x00000000000013de      0x977 ./Drivers/STM32F1xx_HAL_Driver/Src/stm32f1xx_hal.o
 .debug_line    0x0000000000001d55      0x6db ./Drivers/my_drive/Src/I2c.o
 .debug_line    0x0000000000002430      0x52b ./Drivers/my_drive/Src/clock.o
 .debug_line    0x000000000000295b      0x519 ./Drivers/my_drive/Src/delay.o
 .debug_line    0x0000000000002e74      0x5dd ./Drivers/my_drive/Src/gpio.o

.debug_str      0x0000000000000000    0x7b902
 .debug_str     0x0000000000000000     0x3d96 ./Core/Src/main.o
                                       0x3f2a (size before relaxing)
 .debug_str     0x0000000000003d96    0x76e29 ./Core/Src/stm32f1xx_it.o
                                      0x7ac4b (size before relaxing)
 .debug_str     0x000000000007abbf       0xa1 ./Core/Src/system_stm32f1xx.o
                                      0x7ac61 (size before relaxing)
 .debug_str     0x000000000007ac60       0x34 ./Core/Startup/startup_stm32f103c8tx.o
                                         0x55 (size before relaxing)
 .debug_str     0x000000000007ac94      0x665 ./Drivers/STM32F1xx_HAL_Driver/Src/stm32f1xx_hal.o
                                      0x7b394 (size before relaxing)
 .debug_str     0x000000000007b2f9      0x43f ./Drivers/my_drive/Src/I2c.o
                                       0x427b (size before relaxing)
 .debug_str     0x000000000007b738       0x68 ./Drivers/my_drive/Src/clock.o
                                       0x3e7d (size before relaxing)
 .debug_str     0x000000000007b7a0       0xbe ./Drivers/my_drive/Src/delay.o
                                       0x4003 (size before relaxing)
 .debug_str     0x000000000007b85e       0xa4 ./Drivers/my_drive/Src/gpio.o
                                       0x405c (size before relaxing)

.debug_frame    0x0000000000000000      0x8a0
 .debug_frame   0x0000000000000000       0x30 ./Core/Src/main.o
 .debug_frame   0x0000000000000030      0x104 ./Core/Src/stm32f1xx_it.o
 .debug_frame   0x0000000000000134       0x58 ./Core/Src/system_stm32f1xx.o
 .debug_frame   0x000000000000018c      0x334 ./Drivers/STM32F1xx_HAL_Driver/Src/stm32f1xx_hal.o
 .debug_frame   0x00000000000004c0      0x188 ./Drivers/my_drive/Src/I2c.o
 .debug_frame   0x0000000000000648       0xb0 ./Drivers/my_drive/Src/clock.o
 .debug_frame   0x00000000000006f8       0xd0 ./Drivers/my_drive/Src/delay.o
 .debug_frame   0x00000000000007c8       0xac ./Drivers/my_drive/Src/gpio.o
 .debug_frame   0x0000000000000874       0x2c C:/Users/Admin/Documents/Tuan_2024/Downloads/ST/STM32CubeIDE_1.13.2/STM32CubeIDE/plugins/com.st.stm32cube.ide.mcu.externaltools.gnu-tools-for-stm32.11.3.rel1.win32_1.1.1.202309131626/tools/bin/../lib/gcc/arm-none-eabi/11.3.1/../../../../arm-none-eabi/lib/thumb/v7-m/nofp\libc_nano.a(libc_a-init.o)

.debug_line_str
                0x0000000000000000       0x49
 .debug_line_str
                0x0000000000000000       0x49 ./Core/Startup/startup_stm32f103c8tx.o
                                         0x61 (size before relaxing)
