10:43:32 **** Incremental Build of configuration Debug for project GPIO ****
make -j8 all 
arm-none-eabi-gcc "../Core/Src/main.c" -mcpu=cortex-m3 -std=gnu11 -g3 -DDEBUG -DUSE_HAL_DRIVER -DSTM32F103xB -c -I../Core/Inc -I../Drivers/STM32F1xx_HAL_Driver/Inc -I../Drivers/STM32F1xx_HAL_Driver/Inc/Legacy -I../Drivers/CMSIS/Device/ST/STM32F1xx/Include -I../Drivers/CMSIS/Include -O0 -ffunction-sections -fdata-sections -Wall -fstack-usage -MMD -MP -MF"Core/Src/main.d" -MT"Core/Src/main.o" --specs=nano.specs -mfloat-abi=soft -mthumb -o "Core/Src/main.o"
arm-none-eabi-gcc -o "GPIO.elf" @"objects.list"   -mcpu=cortex-m3 -T"C:\Users\hoatt\STM32CubeIDE\workspace_1.9.0\GPIO\STM32F103C8TX_FLASH.ld" --specs=nosys.specs -Wl,-Map="GPIO.map" -Wl,--gc-sections -static --specs=nano.specs -mfloat-abi=soft -mthumb -Wl,--start-group -lc -lm -Wl,--end-group
Finished building target: GPIO.elf
 
arm-none-eabi-size   GPIO.elf 
arm-none-eabi-objdump -h -S  GPIO.elf  > "GPIO.list"
   text	   data	    bss	    dec	    hex	filename
   3820	     20	   1572	   5412	   1524	GPIO.elf
Finished building: default.size.stdout
 
Finished building: GPIO.list
 

10:43:34 Build Finished. 0 errors, 0 warnings. (took 1s.600ms)

