09:07:26 **** Incremental Build of configuration Debug for project UART_DMA ****
make -j8 all 
arm-none-eabi-gcc "../Core/Src/main.c" -mcpu=cortex-m3 -std=gnu11 -g3 -DDEBUG -DUSE_HAL_DRIVER -DSTM32F103xB -c -I../Core/Inc -I../Drivers/STM32F1xx_HAL_Driver/Inc -I../Drivers/STM32F1xx_HAL_Driver/Inc/Legacy -I../Drivers/CMSIS/Device/ST/STM32F1xx/Include -I../Drivers/CMSIS/Include -O0 -ffunction-sections -fdata-sections -Wall -fstack-usage -MMD -MP -MF"Core/Src/main.d" -MT"Core/Src/main.o" --specs=nano.specs -mfloat-abi=soft -mthumb -o "Core/Src/main.o"
../Core/Src/main.c: In function 'dma1_uart1_rx_init':
../Core/Src/main.c:150:14: warning: assignment to 'uint32_t' {aka 'long unsigned int'} from 'char *' makes integer from pointer without a cast [-Wint-conversion]
  150 |  *DMA1_CMAR5 = recv_data;
      |              ^
../Core/Src/main.c: In function 'main':
../Core/Src/main.c:277:12: warning: passing argument 1 of 'memcpy' makes pointer from integer without a cast [-Wint-conversion]
  277 |     memcpy(0x20000000,0x00000000,0x130);
      |            ^~~~~~~~~~
      |            |
      |            int
In file included from ../Core/Src/main.c:58:
c:\st\stm32cubeide_1.9.0\stm32cubeide\plugins\com.st.stm32cube.ide.mcu.externaltools.gnu-tools-for-stm32.10.3-2021.10.win32_1.0.0.202111181127\tools\arm-none-eabi\include\string.h:31:17: note: expected 'void * restrict' but argument is of type 'int'
   31 | void *  memcpy (void *__restrict, const void *__restrict, size_t);
      |                 ^
../Core/Src/main.c:277:5: warning: null argument where non-null required (argument 2) [-Wnonnull]
  277 |     memcpy(0x20000000,0x00000000,0x130);
      |     ^~~~~~
arm-none-eabi-gcc -o "UART_DMA.elf" @"objects.list"   -mcpu=cortex-m3 -T"C:\Users\hoatt\STM32CubeIDE\workspace_1.9.0\UART_DMA\STM32F103C8TX_FLASH.ld" --specs=nosys.specs -Wl,-Map="UART_DMA.map" -Wl,--gc-sections -static --specs=nano.specs -mfloat-abi=soft -mthumb -Wl,--start-group -lc -lm -Wl,--end-group
Finished building target: UART_DMA.elf
 
arm-none-eabi-size   UART_DMA.elf 
arm-none-eabi-objdump -h -S  UART_DMA.elf  > "UART_DMA.list"
   text	   data	    bss	    dec	    hex	filename
   4468	     20	   1604	   6092	   17cc	UART_DMA.elf
Finished building: default.size.stdout
 
Finished building: UART_DMA.list
 

09:07:28 Build Finished. 0 errors, 3 warnings. (took 1s.276ms)

