09:34:37 **** Incremental Build of configuration Debug for project SPI_slave ****
make -j8 all 
arm-none-eabi-gcc "../Core/Src/main.c" -mcpu=cortex-m3 -std=gnu11 -g3 -DDEBUG -DUSE_HAL_DRIVER -DSTM32F103xB -c -I../Core/Inc -I../Drivers/STM32F1xx_HAL_Driver/Inc -I../Drivers/STM32F1xx_HAL_Driver/Inc/Legacy -I../Drivers/CMSIS/Device/ST/STM32F1xx/Include -I../Drivers/CMSIS/Include -O0 -ffunction-sections -fdata-sections -Wall -fstack-usage -MMD -MP -MF"Core/Src/main.d" -MT"Core/Src/main.o" --specs=nano.specs -mfloat-abi=soft -mthumb -o "Core/Src/main.o"
arm-none-eabi-gcc -o "SPI_slave.elf" @"objects.list"   -mcpu=cortex-m3 -T"C:\Users\hoatt\STM32CubeIDE\workspace_1.9.0\SPI\SPI_slave\STM32F103C8TX_FLASH.ld" --specs=nosys.specs -Wl,-Map="SPI_slave.map" -Wl,--gc-sections -static --specs=nano.specs -mfloat-abi=soft -mthumb -Wl,--start-group -lc -lm -Wl,--end-group
Finished building target: SPI_slave.elf
 
arm-none-eabi-size   SPI_slave.elf 
arm-none-eabi-objdump -h -S  SPI_slave.elf  > "SPI_slave.list"
   text	   data	    bss	    dec	    hex	filename
   3892	     28	   1580	   5500	   157c	SPI_slave.elf
Finished building: default.size.stdout
 
Finished building: SPI_slave.list
 
09:34:44 **** Incremental Build of configuration Debug for project SPI_slave ****
make -j8 all 
arm-none-eabi-size   SPI_slave.elf 
   text	   data	    bss	    dec	    hex	filename
   3892	     28	   1580	   5500	   157c	SPI_slave.elf
Finished building: default.size.stdout
 
